// Jest Snapshot v1, https://goo.gl/fbAQLP

exports[`organizations add new organization 1`] = `
Object {
  "createdAt": Any<String>,
  "id": Any<String>,
  "ipBlocks": Array [],
  "isPassive": false,
  "name": Any<String>,
  "rootDomains": Array [
    "cisa.gov",
  ],
  "updatedAt": Any<String>,
}
`;

exports[`organizations can't add organization with the same name 1`] = `""`;
