// Jest Snapshot v1, https://goo.gl/fbAQLP

exports[`saved-search create create by user should succeed 1`] = `
{
  "count": 3,
  "createVulnerabilities": false,
  "createdAt": Any<String>,
  "createdBy": {
    "id": Any<String>,
  },
  "filters": [],
  "id": Any<String>,
  "name": Any<String>,
  "searchPath": "",
  "searchTerm": "",
  "sortDirection": "",
  "sortField": "",
  "updatedAt": Any<String>,
  "vulnerabilityTemplate": {},
}
`;
