// Jest Snapshot v1, https://goo.gl/fbAQLP

exports[`stats get get by globalView should filter domains to a single org if specified 1`] = `
Object {
  "domains": Object {
    "numVulnerabilities": Array [
      Object {
        "id": Any<String>,
        "label": Any<String>,
        "value": 1,
      },
    ],
    "ports": Array [
      Object {
        "id": "80",
        "label": "80",
        "value": 1,
      },
    ],
    "services": Array [
      Object {
        "id": "http",
        "label": "http",
        "value": 1,
      },
    ],
    "total": 1,
  },
  "vulnerabilities": Object {
    "byOrg": Array [
      Object {
        "id": Any<String>,
        "label": Any<String>,
        "orgId": Any<String>,
        "value": 1,
      },
    ],
    "latestVulnerabilities": Array [
      Object {
        "actions": Array [],
        "cpe": null,
        "createdAt": Any<String>,
        "cve": null,
        "cvss": "9",
        "cwe": null,
        "description": "",
        "domain": Object {
          "asn": null,
          "censysCertificatesResults": Object {},
          "cloudHosted": false,
          "country": null,
          "createdAt": Any<String>,
          "fromRootDomain": null,
          "id": Any<String>,
          "ip": null,
          "ipOnly": false,
          "name": Any<String>,
          "reverseName": Any<String>,
          "screenshot": null,
          "ssl": null,
          "subdomainSource": null,
          "syncedAt": null,
          "trustymailResults": Object {},
          "updatedAt": Any<String>,
        },
        "id": Any<String>,
        "isKev": false,
        "kevResults": Object {},
        "lastSeen": null,
        "needsPopulation": false,
        "notes": "",
        "references": Array [],
        "severity": "Critical",
        "source": "cpe2cve",
        "state": "open",
        "structuredData": Object {},
        "substate": "unconfirmed",
        "title": "vuln title",
        "updatedAt": Any<String>,
      },
    ],
    "mostCommonVulnerabilities": Array [
      Object {
        "count": "1",
        "description": "",
        "severity": "Critical",
        "title": "vuln title",
      },
    ],
    "severity": Array [
      Object {
        "id": "Critical",
        "label": "Critical",
        "value": 1,
      },
    ],
  },
}
`;

exports[`stats get get by org user should return only domains from that org 1`] = `
Object {
  "domains": Object {
    "numVulnerabilities": Array [
      Object {
        "id": Any<String>,
        "label": Any<String>,
        "value": 1,
      },
    ],
    "ports": Array [
      Object {
        "id": "80",
        "label": "80",
        "value": 1,
      },
    ],
    "services": Array [
      Object {
        "id": "http",
        "label": "http",
        "value": 1,
      },
    ],
    "total": 1,
  },
  "vulnerabilities": Object {
    "byOrg": Array [
      Object {
        "id": Any<String>,
        "label": Any<String>,
        "orgId": Any<String>,
        "value": 1,
      },
    ],
    "latestVulnerabilities": Array [
      Object {
        "actions": Array [],
        "cpe": null,
        "createdAt": Any<String>,
        "cve": null,
        "cvss": "9",
        "cwe": null,
        "description": "",
        "domain": Object {
          "asn": null,
          "censysCertificatesResults": Object {},
          "cloudHosted": false,
          "country": null,
          "createdAt": Any<String>,
          "fromRootDomain": null,
          "id": Any<String>,
          "ip": null,
          "ipOnly": false,
          "name": Any<String>,
          "reverseName": Any<String>,
          "screenshot": null,
          "ssl": null,
          "subdomainSource": null,
          "syncedAt": null,
          "trustymailResults": Object {},
          "updatedAt": Any<String>,
        },
        "id": Any<String>,
        "isKev": false,
        "kevResults": Object {},
        "lastSeen": null,
        "needsPopulation": false,
        "notes": "",
        "references": Array [],
        "severity": "Critical",
        "source": "cpe2cve",
        "state": "open",
        "structuredData": Object {},
        "substate": "unconfirmed",
        "title": "vuln title",
        "updatedAt": Any<String>,
      },
    ],
    "mostCommonVulnerabilities": Array [
      Object {
        "count": "1",
        "description": "",
        "severity": "Critical",
        "title": "vuln title",
      },
    ],
    "severity": Array [
      Object {
        "id": "Critical",
        "label": "Critical",
        "value": 1,
      },
    ],
  },
}
`;
