// Jest Snapshot v1, https://goo.gl/fbAQLP

exports[`amass basic test: helpers.saveDomainsToDb 1`] = `
Array [
  Domain {
    "asn": 20940,
    "ip": "2600:1402:a:495::447a",
    "name": "filedrop.cisa.gov",
    "organization": "organizationId",
  },
  Domain {
    "asn": 20940,
    "ip": "2600:1402:a:495::447a",
    "name": "www.filedrop.cisa.gov",
    "organization": "organizationId",
  },
]
`;
