// Jest Snapshot v1, https://goo.gl/fbAQLP

exports[`hibp basic test 1`] = `
Array [
  Object {
    "asn": null,
    "censysCertificatesResults": Object {},
    "cloudHosted": false,
    "country": null,
    "createdAt": null,
    "fromRootDomain": null,
    "id": null,
    "ip": "",
    "name": null,
    "organization": null,
    "reverseName": "test-domain_1",
    "screenshot": null,
    "services": Array [],
    "ssl": null,
    "syncedAt": null,
    "updatedAt": null,
  },
  Object {
    "asn": null,
    "censysCertificatesResults": Object {},
    "cloudHosted": false,
    "country": null,
    "createdAt": null,
    "fromRootDomain": null,
    "id": null,
    "ip": "",
    "name": null,
    "organization": null,
    "reverseName": "test-domain_2",
    "screenshot": null,
    "services": Array [],
    "ssl": null,
    "syncedAt": null,
    "updatedAt": null,
  },
  Object {
    "asn": null,
    "censysCertificatesResults": Object {},
    "cloudHosted": false,
    "country": null,
    "createdAt": null,
    "fromRootDomain": null,
    "id": null,
    "ip": "",
    "name": null,
    "organization": null,
    "reverseName": "test-domain_3",
    "screenshot": null,
    "services": Array [],
    "ssl": null,
    "syncedAt": null,
    "updatedAt": null,
  },
]
`;
