// Jest Snapshot v1, https://goo.gl/fbAQLP

exports[`intrigue ident basic test 1`] = `
Object {
  "content": Array [
    Object {
      "hide": null,
      "issue": null,
      "name": "Location Header",
      "result": null,
      "task": null,
      "type": "content",
    },
    Object {
      "hide": null,
      "issue": null,
      "name": "Directory Listing Detected",
      "result": false,
      "task": null,
      "type": "content",
    },
    Object {
      "hide": false,
      "issue": false,
      "name": "Form Detected",
      "result": true,
      "task": null,
      "type": "content",
    },
    Object {
      "hide": null,
      "issue": null,
      "name": "File Upload Form Detected",
      "result": false,
      "task": null,
      "type": "content",
    },
    Object {
      "hide": false,
      "issue": false,
      "name": "Email Addresses Detected",
      "result": Array [],
      "task": null,
      "type": "content",
    },
    Object {
      "hide": null,
      "issue": null,
      "name": "Authentication - HTTP",
      "result": false,
      "task": null,
      "type": "content",
    },
    Object {
      "hide": null,
      "issue": null,
      "name": "Authentication - NTLM",
      "result": false,
      "task": null,
      "type": "content",
    },
    Object {
      "hide": null,
      "issue": null,
      "name": "Authentication - Forms",
      "result": false,
      "task": null,
      "type": "content",
    },
    Object {
      "hide": null,
      "issue": null,
      "name": "Authentication - Session Identifier",
      "result": false,
      "task": null,
      "type": "content",
    },
    Object {
      "hide": null,
      "issue": null,
      "name": "Access-Control-Allow-Origin Header",
      "result": false,
      "task": null,
      "type": "content",
    },
    Object {
      "hide": null,
      "issue": null,
      "name": "P3P Header",
      "result": false,
      "task": null,
      "type": "content",
    },
    Object {
      "hide": false,
      "issue": false,
      "name": "X-Frame-Options Header",
      "result": true,
      "task": null,
      "type": "content",
    },
    Object {
      "hide": null,
      "issue": null,
      "name": "X-XSS-Protection Header",
      "result": false,
      "task": null,
      "type": "content",
    },
    Object {
      "hide": null,
      "issue": null,
      "name": "Google Analytics",
      "result": null,
      "task": null,
      "type": "content",
    },
    Object {
      "hide": null,
      "issue": null,
      "name": "Google Site Verification",
      "result": null,
      "task": null,
      "type": "content",
    },
    Object {
      "hide": null,
      "issue": null,
      "name": "MyWebStats",
      "result": null,
      "task": null,
      "type": "content",
    },
  ],
  "fingerprint": Array [
    Object {
      "cpe": "cpe:2.3:a:bootstrap:bootstrap::",
      "hide": false,
      "inference": false,
      "issue": null,
      "match_details": "boostrap css",
      "match_type": "content_body",
      "product": "Bootstrap",
      "tags": Array [
        "Web Framework",
      ],
      "task": null,
      "type": "fingerprint",
      "update": "",
      "vendor": "Bootstrap",
      "version": "",
    },
    Object {
      "cpe": "cpe:2.3:a:apache:http_server::",
      "hide": false,
      "inference": false,
      "issue": null,
      "match_details": "Apache server header w/o version",
      "match_type": "content_headers",
      "product": "HTTP Server",
      "tags": Array [
        "Web Server",
      ],
      "task": null,
      "type": "fingerprint",
      "update": "",
      "vendor": "Apache",
      "version": "",
    },
    Object {
      "cpe": "cpe:2.3:a:apache:http_server::",
      "hide": false,
      "inference": false,
      "issue": null,
      "match_details": "Apache web server - server header - no version",
      "match_type": "content_headers",
      "product": "HTTP Server",
      "tags": Array [
        "Web Server",
      ],
      "task": null,
      "type": "fingerprint",
      "update": "",
      "vendor": "Apache",
      "version": "",
    },
    Object {
      "cpe": "cpe:2.3:a:drupal:drupal:8:",
      "hide": false,
      "inference": false,
      "issue": null,
      "match_details": "Drupal headers",
      "match_type": "content_headers",
      "product": "Drupal",
      "tags": Array [
        "CMS",
      ],
      "task": null,
      "type": "fingerprint",
      "update": "",
      "vendor": "Drupal",
      "version": "8",
    },
    Object {
      "cpe": "cpe:2.3:s:newrelic:newrelic::",
      "hide": false,
      "inference": null,
      "issue": null,
      "match_details": "NewRelic tracking code",
      "match_type": "content_body",
      "product": "NewRelic",
      "tags": Array [
        "APM",
        "Javascript",
      ],
      "task": null,
      "type": "fingerprint",
      "update": "",
      "vendor": "NewRelic",
      "version": "",
    },
  ],
}
`;

exports[`intrigue ident basic test 2`] = `
Array [
  Object {
    "cpe": "cpe:/a:bootstrap:bootstrap::",
    "name": "Bootstrap",
    "tags": Array [
      "Web Framework",
    ],
    "vendor": "Bootstrap",
  },
  Object {
    "cpe": "cpe:/a:apache:http_server::",
    "name": "HTTP Server",
    "tags": Array [
      "Web Server",
    ],
    "vendor": "Apache",
  },
  Object {
    "cpe": "cpe:/a:drupal:drupal:8:",
    "name": "Drupal",
    "tags": Array [
      "CMS",
    ],
    "vendor": "Drupal",
    "version": "8",
  },
  Object {
    "cpe": "cpe:/s:newrelic:newrelic::",
    "name": "NewRelic",
    "tags": Array [
      "APM",
      "Javascript",
    ],
    "vendor": "NewRelic",
  },
]
`;
