// Jest Snapshot v1, https://goo.gl/fbAQLP

exports[`lookingGlass basic test 1`] = `
Array [
  Object {
    "asn": null,
    "censysCertificatesResults": Object {},
    "cloudHosted": false,
    "country": null,
    "createdAt": null,
    "fromRootDomain": null,
    "id": null,
    "ip": "1.123.135.123",
    "ipOnly": true,
    "name": null,
    "organization": null,
    "reverseName": "123.135.123.1",
    "screenshot": null,
    "services": Array [],
    "ssl": null,
    "subdomainSource": null,
    "syncedAt": null,
    "trustymailResults": Object {},
    "updatedAt": null,
  },
  Object {
    "asn": null,
    "censysCertificatesResults": Object {},
    "cloudHosted": false,
    "country": null,
    "createdAt": null,
    "fromRootDomain": null,
    "id": null,
    "ip": "100.123.100.123",
    "ipOnly": true,
    "name": null,
    "organization": null,
    "reverseName": "123.100.123.100",
    "screenshot": null,
    "services": Array [],
    "ssl": null,
    "subdomainSource": null,
    "syncedAt": null,
    "trustymailResults": Object {},
    "updatedAt": null,
  },
  Object {
    "asn": null,
    "censysCertificatesResults": Object {},
    "cloudHosted": false,
    "country": null,
    "createdAt": null,
    "fromRootDomain": null,
    "id": null,
    "ip": "123.123.123.123",
    "ipOnly": true,
    "name": null,
    "organization": null,
    "reverseName": "123.123.123.123",
    "screenshot": null,
    "services": Array [],
    "ssl": null,
    "subdomainSource": null,
    "syncedAt": null,
    "trustymailResults": Object {},
    "updatedAt": null,
  },
]
`;
